D:\B-R-Coffeee-PLTrend-MQTT\B-R-Coffeee-PLTrend-MQTT\CoffeeMachine\Logical\Global.typ
D:\B-R-Coffeee-PLTrend-MQTT\B-R-Coffeee-PLTrend-MQTT\CoffeeMachine\Logical\Global.var
D:\B-R-Coffeee-PLTrend-MQTT\B-R-Coffeee-PLTrend-MQTT\CoffeeMachine\Logical\Libraries\Convert\Convert.fun
D:\B-R-Coffeee-PLTrend-MQTT\B-R-Coffeee-PLTrend-MQTT\CoffeeMachine\Logical\Libraries\Convert\Convert.typ
D:\B-R-Coffeee-PLTrend-MQTT\B-R-Coffeee-PLTrend-MQTT\CoffeeMachine\Logical\Libraries\Convert\Convert.var
D:\B-R-Coffeee-PLTrend-MQTT\B-R-Coffeee-PLTrend-MQTT\CoffeeMachine\Logical\Libraries\Runtime\runtime.fun
D:\B-R-Coffeee-PLTrend-MQTT\B-R-Coffeee-PLTrend-MQTT\CoffeeMachine\Logical\Libraries\Runtime\runtime.typ
D:\B-R-Coffeee-PLTrend-MQTT\B-R-Coffeee-PLTrend-MQTT\CoffeeMachine\Logical\Libraries\Runtime\runtime.var
D:\B-R-Coffeee-PLTrend-MQTT\B-R-Coffeee-PLTrend-MQTT\CoffeeMachine\Logical\Libraries\sys_lib\sys_lib.fun
D:\B-R-Coffeee-PLTrend-MQTT\B-R-Coffeee-PLTrend-MQTT\CoffeeMachine\Logical\Libraries\sys_lib\sys_lib.typ
D:\B-R-Coffeee-PLTrend-MQTT\B-R-Coffeee-PLTrend-MQTT\CoffeeMachine\Logical\Libraries\sys_lib\sys_lib.var
D:\B-R-Coffeee-PLTrend-MQTT\B-R-Coffeee-PLTrend-MQTT\CoffeeMachine\Logical\Libraries\brsystem\brsystem.fun
D:\B-R-Coffeee-PLTrend-MQTT\B-R-Coffeee-PLTrend-MQTT\CoffeeMachine\Logical\Libraries\brsystem\brsystem.typ
D:\B-R-Coffeee-PLTrend-MQTT\B-R-Coffeee-PLTrend-MQTT\CoffeeMachine\Logical\Libraries\brsystem\brsystem.var
D:\B-R-Coffeee-PLTrend-MQTT\B-R-Coffeee-PLTrend-MQTT\CoffeeMachine\Logical\Libraries\Standard\standard.fun
D:\B-R-Coffeee-PLTrend-MQTT\B-R-Coffeee-PLTrend-MQTT\CoffeeMachine\Logical\Libraries\Standard\standard.typ
D:\B-R-Coffeee-PLTrend-MQTT\B-R-Coffeee-PLTrend-MQTT\CoffeeMachine\Logical\Libraries\Standard\standard.var
D:\B-R-Coffeee-PLTrend-MQTT\B-R-Coffeee-PLTrend-MQTT\CoffeeMachine\Logical\Libraries\AsString\asstring.fun
D:\B-R-Coffeee-PLTrend-MQTT\B-R-Coffeee-PLTrend-MQTT\CoffeeMachine\Logical\Libraries\AsString\asstring.typ
D:\B-R-Coffeee-PLTrend-MQTT\B-R-Coffeee-PLTrend-MQTT\CoffeeMachine\Logical\Libraries\AsString\asstring.var
D:\B-R-Coffeee-PLTrend-MQTT\B-R-Coffeee-PLTrend-MQTT\CoffeeMachine\Logical\Libraries\DataObj\DataObj.fun
D:\B-R-Coffeee-PLTrend-MQTT\B-R-Coffeee-PLTrend-MQTT\CoffeeMachine\Logical\Libraries\DataObj\DataObj.typ
D:\B-R-Coffeee-PLTrend-MQTT\B-R-Coffeee-PLTrend-MQTT\CoffeeMachine\Logical\Libraries\DataObj\DataObj.var
D:\B-R-Coffeee-PLTrend-MQTT\B-R-Coffeee-PLTrend-MQTT\CoffeeMachine\Logical\Libraries\FileIO\FileIO.fun
D:\B-R-Coffeee-PLTrend-MQTT\B-R-Coffeee-PLTrend-MQTT\CoffeeMachine\Logical\Libraries\FileIO\FileIO.typ
D:\B-R-Coffeee-PLTrend-MQTT\B-R-Coffeee-PLTrend-MQTT\CoffeeMachine\Logical\Libraries\FileIO\FileIO.var
D:\B-R-Coffeee-PLTrend-MQTT\B-R-Coffeee-PLTrend-MQTT\CoffeeMachine\Logical\Libraries\operator\operator.fun
D:\B-R-Coffeee-PLTrend-MQTT\B-R-Coffeee-PLTrend-MQTT\CoffeeMachine\Logical\Libraries\operator\operator.typ
D:\B-R-Coffeee-PLTrend-MQTT\B-R-Coffeee-PLTrend-MQTT\CoffeeMachine\Logical\Libraries\operator\operator.var
D:\B-R-Coffeee-PLTrend-MQTT\B-R-Coffeee-PLTrend-MQTT\CoffeeMachine\Logical\Libraries\AsTime\astime.fun
D:\B-R-Coffeee-PLTrend-MQTT\B-R-Coffeee-PLTrend-MQTT\CoffeeMachine\Logical\Libraries\AsTime\astime.typ
D:\B-R-Coffeee-PLTrend-MQTT\B-R-Coffeee-PLTrend-MQTT\CoffeeMachine\Logical\Libraries\AsTime\astime.var
D:\B-R-Coffeee-PLTrend-MQTT\B-R-Coffeee-PLTrend-MQTT\CoffeeMachine\Logical\Libraries\CoffeeLib\CoffeeLib.fun
D:\B-R-Coffeee-PLTrend-MQTT\B-R-Coffeee-PLTrend-MQTT\CoffeeMachine\Logical\Libraries\Visapi\Visapi.typ
D:\B-R-Coffeee-PLTrend-MQTT\B-R-Coffeee-PLTrend-MQTT\CoffeeMachine\Logical\Libraries\Visapi\Visapi.fun
D:\B-R-Coffeee-PLTrend-MQTT\B-R-Coffeee-PLTrend-MQTT\CoffeeMachine\Logical\Libraries\Visapi\Visapi.var
D:\B-R-Coffeee-PLTrend-MQTT\B-R-Coffeee-PLTrend-MQTT\CoffeeMachine\Logical\Libraries\AsArSdm\AsArSdm.fun
D:\B-R-Coffeee-PLTrend-MQTT\B-R-Coffeee-PLTrend-MQTT\CoffeeMachine\Logical\Libraries\AsArSdm\AsArSdm.typ
D:\B-R-Coffeee-PLTrend-MQTT\B-R-Coffeee-PLTrend-MQTT\CoffeeMachine\Logical\Libraries\AsArSdm\AsArSdm.var
D:\B-R-Coffeee-PLTrend-MQTT\B-R-Coffeee-PLTrend-MQTT\CoffeeMachine\Logical\Libraries\AsArProf\AsArProf.fun
D:\B-R-Coffeee-PLTrend-MQTT\B-R-Coffeee-PLTrend-MQTT\CoffeeMachine\Logical\Libraries\AsArProf\AsArProf.typ
D:\B-R-Coffeee-PLTrend-MQTT\B-R-Coffeee-PLTrend-MQTT\CoffeeMachine\Logical\Libraries\AsArProf\AsArProf.var
D:\B-R-Coffeee-PLTrend-MQTT\B-R-Coffeee-PLTrend-MQTT\CoffeeMachine\Logical\Libraries\LoopConR\LoopConR.var
D:\B-R-Coffeee-PLTrend-MQTT\B-R-Coffeee-PLTrend-MQTT\CoffeeMachine\Logical\Libraries\LoopConR\LoopConR.typ
D:\B-R-Coffeee-PLTrend-MQTT\B-R-Coffeee-PLTrend-MQTT\CoffeeMachine\Logical\Libraries\LoopConR\LoopConR.fun
D:\B-R-Coffeee-PLTrend-MQTT\B-R-Coffeee-PLTrend-MQTT\CoffeeMachine\Logical\Libraries\Acp10man\Acp10man.typ
D:\B-R-Coffeee-PLTrend-MQTT\B-R-Coffeee-PLTrend-MQTT\CoffeeMachine\Logical\Libraries\Acp10par\Acp10par.var
D:\B-R-Coffeee-PLTrend-MQTT\B-R-Coffeee-PLTrend-MQTT\CoffeeMachine\Logical\Libraries\NcGlobal\NcGlobal.fun
D:\B-R-Coffeee-PLTrend-MQTT\B-R-Coffeee-PLTrend-MQTT\CoffeeMachine\Logical\Libraries\NcGlobal\NcGlobal.typ
D:\B-R-Coffeee-PLTrend-MQTT\B-R-Coffeee-PLTrend-MQTT\CoffeeMachine\Logical\Libraries\NcGlobal\NcGlobal.var
D:\B-R-Coffeee-PLTrend-MQTT\B-R-Coffeee-PLTrend-MQTT\CoffeeMachine\Logical\Libraries\Acp10sim\acp10sim.var
D:\B-R-Coffeee-PLTrend-MQTT\B-R-Coffeee-PLTrend-MQTT\CoffeeMachine\Logical\Libraries\Acp10sim\acp10sim.typ
D:\B-R-Coffeee-PLTrend-MQTT\B-R-Coffeee-PLTrend-MQTT\CoffeeMachine\Logical\Libraries\Acp10_MC\acp10_mc.fun
D:\B-R-Coffeee-PLTrend-MQTT\B-R-Coffeee-PLTrend-MQTT\CoffeeMachine\Logical\Libraries\Acp10_MC\acp10_mc.typ
D:\B-R-Coffeee-PLTrend-MQTT\B-R-Coffeee-PLTrend-MQTT\CoffeeMachine\Logical\Libraries\Acp10_MC\acp10_mc.var
D:\B-R-Coffeee-PLTrend-MQTT\B-R-Coffeee-PLTrend-MQTT\CoffeeMachine\Logical\Libraries\Acp10sdc\acp10sdc.var
D:\B-R-Coffeee-PLTrend-MQTT\B-R-Coffeee-PLTrend-MQTT\CoffeeMachine\Logical\Libraries\Acp10sdc\acp10sdc.typ
